// Jest Snapshot v1, https://goo.gl/fbAQLP

exports[`Snapshot: components/App.jsx 1`] = `
<mocked-component
  muiTheme={
    Object {
      "theme": undefined,
    }
  }
>
  <div>
    <mocked-component
      showMenuIconButton={false}
      title="Hello, World!!"
    />
    <mocked-component
      zDepth={1}
    >
      <mocked-component>
        <mocked-component
          actAsExpander={true}
          showExpandableButton={true}
          subtitle="Click to expand tweak tools"
          title="Random Number"
        />
        <mocked-component
          expandable={true}
        >
          <mocked-component
            expandable={true}
          >
            <p>
              <label
                htmlFor="begin-slider"
              >
                Begin
              </label>
            </p>
            <mocked-component
              id="begin-slider"
              max={13}
              min={0}
              onChange={[Function]}
              step={1}
              value={0}
            />
            <p>
              <label
                htmlFor="end-slider"
              >
                End
              </label>
            </p>
            <mocked-component
              id="end-slider"
              max={13}
              min={0}
              onChange={[Function]}
              step={1}
              value={13}
            />
            <mocked-component
              checked={true}
              label="Upper Case"
              labelPosition="right"
              onCheck={[Function]}
              style={
                Object {
                  "marginBottom": 16,
                }
              }
            />
          </mocked-component>
        </mocked-component>
        <mocked-component>
          <mocked-component
            zDepth={0}
          >
            <span
              className="value"
              style={
                Object {
                  "color": "brown",
                  "fontFamily": "monospace",
                  "fontSize": "1.75em",
                }
              }
            >
              1F9ADD3739635
            </span>
          </mocked-component>
        </mocked-component>
      </mocked-component>
    </mocked-component>
    <mocked-component
      zDepth={1}
    >
      <mocked-component>
        <mocked-component
          actAsExpander={true}
          showExpandableButton={true}
          subtitle="Click to customize clock"
          title="Clock"
        />
        <mocked-component
          expandable={true}
        >
          <mocked-component
            floatingLabelText="Formatting method"
            value={undefined}
          >
            <mocked-component
              primaryText="Hello World 123 Foo Bar"
              value="hello-world-123-foo-bar"
            />
          </mocked-component>
        </mocked-component>
        <mocked-component>
          <span>
            12:00:00 AM
          </span>
        </mocked-component>
      </mocked-component>
    </mocked-component>
  </div>
</mocked-component>
`;
