// Jest Snapshot v1, https://goo.gl/fbAQLP

exports[`Snapshot: components/App.jsx 1`] = `
<mocked-component
  muiTheme={
    Object {
      "theme": undefined,
    }
  }
>
  <div>
    <mocked-component
      showMenuIconButton={false}
      title="Hello, World!!"
    />
    <mocked-component
      zDepth={1}
    >
      <mocked-component>
        <mocked-component
          actAsExpander={true}
          showExpandableButton={true}
          subtitle={
            <RandomNumber
              display={[Function]}
              init={[Function]}
              label={null}
              style={
                Object {
                  "label": Object {
                    "color": "gray",
                  },
                  "value": Object {
                    "color": "brown",
                    "fontFamily": "monospace",
                    "fontSize": "1.75em",
                  },
                }
              }
            />
          }
          title="Random Number"
        />
        <mocked-component
          expandable={true}
        >
          <mocked-component
            expandable={true}
          >
            <p>
              <label
                htmlFor="begin-slider"
              >
                Begin
              </label>
            </p>
            <mocked-component
              id="begin-slider"
              max={13}
              min={0}
              onChange={[Function]}
              step={1}
              value={0}
            />
            <p>
              <label
                htmlFor="end-slider"
              >
                End
              </label>
            </p>
            <mocked-component
              id="end-slider"
              max={13}
              min={0}
              onChange={[Function]}
              step={1}
              value={13}
            />
            <mocked-component
              checked={true}
              label="Upper Case"
              labelPosition="right"
              onCheck={[Function]}
              style={
                Object {
                  "marginBottom": 16,
                }
              }
            />
          </mocked-component>
        </mocked-component>
      </mocked-component>
    </mocked-component>
  </div>
</mocked-component>
`;
