// Jest Snapshot v1, https://goo.gl/fbAQLP

exports[`Snapshot: components/App.jsx 1`] = `
<mocked-component
  muiTheme={
    Object {
      "theme": undefined,
    }
  }
>
  <div>
    <mocked-component
      title="Hello, World!!"
    />
    <mocked-component
      zDepth={1}
    >
      <div>
        <div
          className="text-field-container"
        >
          <mocked-component
            hintText="From..."
            onChange={[Function]}
            value={0}
          />
          <mocked-component
            hintText="To..."
            onChange={[Function]}
            value={13}
          />
          <mocked-component
            checked={true}
            label="UpperCase"
            labelPosition="right"
            onCheck={[Function]}
            style={
              Object {
                "marginBottom": 16,
              }
            }
          />
        </div>
        <div
          className="output-container"
        >
          <mocked-component
            zDepth={0}
          >
            <span
              className="label"
              style={
                Object {
                  "color": "gray",
                }
              }
            >
              Random Number: 
            </span>
            <span
              className="value"
              style={
                Object {
                  "color": "brown",
                  "fontFamily": "monospace",
                  "fontSize": "1.75em",
                }
              }
            >
              605E1921D1294
            </span>
          </mocked-component>
        </div>
      </div>
    </mocked-component>
  </div>
</mocked-component>
`;
