// Jest Snapshot v1, https://goo.gl/fbAQLP

exports[`Snapshot: components/RandomNumberForm.jsx with default display function 1`] = `
<mocked-component
  zDepth={1}
>
  <div>
    <div
      className="text-field-container"
    >
      <p>
        <label
          htmlFor="begin-slider"
        >
          Begin
        </label>
      </p>
      <mocked-component
        id="begin-slider"
        max={13}
        min={0}
        onChange={[Function]}
        step={1}
        value={0}
      />
      <p>
        <label
          htmlFor="end-slider"
        >
          End
        </label>
      </p>
      <mocked-component
        id="end-slider"
        max={13}
        min={0}
        onChange={[Function]}
        value={13}
      />
      <mocked-component
        checked={true}
        label="UpperCase"
        labelPosition="right"
        onCheck={[Function]}
        style={
          Object {
            "marginBottom": 16,
          }
        }
      />
    </div>
    <div
      className="output-container"
    >
      <mocked-component
        zDepth={0}
      >
        <span
          className="label"
          style={
            Object {
              "color": "gray",
            }
          }
        >
          Random Number: 
        </span>
        <span
          className="value"
          style={
            Object {
              "color": "brown",
              "fontFamily": "monospace",
              "fontSize": "1.75em",
            }
          }
        >
          1F9ADD3739635
        </span>
      </mocked-component>
    </div>
  </div>
</mocked-component>
`;

exports[`Snapshot: components/RandomNumberForm.jsx with specified display function 1`] = `
<mocked-component
  zDepth={1}
>
  <div>
    <div
      className="text-field-container"
    >
      <p>
        <label
          htmlFor="begin-slider"
        >
          Begin
        </label>
      </p>
      <mocked-component
        id="begin-slider"
        max={13}
        min={0}
        onChange={[Function]}
        step={1}
        value={0}
      />
      <p>
        <label
          htmlFor="end-slider"
        >
          End
        </label>
      </p>
      <mocked-component
        id="end-slider"
        max={13}
        min={0}
        onChange={[Function]}
        value={13}
      />
      <mocked-component
        checked={true}
        label="UpperCase"
        labelPosition="right"
        onCheck={[Function]}
        style={
          Object {
            "marginBottom": 16,
          }
        }
      />
    </div>
    <div
      className="output-container"
    >
      <mocked-component
        zDepth={0}
      >
        <span
          className="label"
          style={
            Object {
              "color": "gray",
            }
          }
        >
          Random Number: 
        </span>
        <span
          className="value"
          style={
            Object {
              "color": "brown",
              "fontFamily": "monospace",
              "fontSize": "1.75em",
            }
          }
        >
          1F9ADD3739635
        </span>
      </mocked-component>
    </div>
  </div>
</mocked-component>
`;

exports[`Snapshot: components/RandomNumberForm.jsx with specified display function 2`] = `
<mocked-component
  zDepth={1}
>
  <div>
    <div
      className="text-field-container"
    >
      <p>
        <label
          htmlFor="begin-slider"
        >
          Begin
        </label>
      </p>
      <mocked-component
        id="begin-slider"
        max={13}
        min={0}
        onChange={[Function]}
        step={1}
        value={0}
      />
      <p>
        <label
          htmlFor="end-slider"
        >
          End
        </label>
      </p>
      <mocked-component
        id="end-slider"
        max={13}
        min={0}
        onChange={[Function]}
        value={13}
      />
      <mocked-component
        checked={true}
        label="UpperCase"
        labelPosition="right"
        onCheck={[Function]}
        style={
          Object {
            "marginBottom": 16,
          }
        }
      />
    </div>
    <div
      className="output-container"
    >
      <mocked-component
        zDepth={0}
      >
        <span
          className="label"
          style={
            Object {
              "color": "gray",
            }
          }
        >
          Random Number: 
        </span>
        <span
          className="value"
          style={
            Object {
              "color": "brown",
              "fontFamily": "monospace",
              "fontSize": "1.75em",
            }
          }
        >
          1F9ADD3739635
        </span>
      </mocked-component>
    </div>
  </div>
</mocked-component>
`;

exports[`Snapshot: components/RandomNumberForm.jsx with specified display function 3`] = `
<mocked-component
  zDepth={1}
>
  <div>
    <div
      className="text-field-container"
    >
      <p>
        <label
          htmlFor="begin-slider"
        >
          Begin
        </label>
      </p>
      <mocked-component
        id="begin-slider"
        max={13}
        min={0}
        onChange={[Function]}
        step={1}
        value={0}
      />
      <p>
        <label
          htmlFor="end-slider"
        >
          End
        </label>
      </p>
      <mocked-component
        id="end-slider"
        max={13}
        min={0}
        onChange={[Function]}
        value={13}
      />
      <mocked-component
        checked={true}
        label="UpperCase"
        labelPosition="right"
        onCheck={[Function]}
        style={
          Object {
            "marginBottom": 16,
          }
        }
      />
    </div>
    <div
      className="output-container"
    >
      <mocked-component
        zDepth={0}
      >
        <span
          className="label"
          style={
            Object {
              "color": "gray",
            }
          }
        >
          Random Number: 
        </span>
        <span
          className="value"
          style={
            Object {
              "color": "brown",
              "fontFamily": "monospace",
              "fontSize": "1.75em",
            }
          }
        >
          1F9ADD3739635
        </span>
      </mocked-component>
    </div>
  </div>
</mocked-component>
`;

exports[`Snapshot: components/RandomNumberForm.jsx with specified display function 4`] = `
<mocked-component
  zDepth={1}
>
  <div>
    <div
      className="text-field-container"
    >
      <p>
        <label
          htmlFor="begin-slider"
        >
          Begin
        </label>
      </p>
      <mocked-component
        id="begin-slider"
        max={13}
        min={0}
        onChange={[Function]}
        step={1}
        value={0}
      />
      <p>
        <label
          htmlFor="end-slider"
        >
          End
        </label>
      </p>
      <mocked-component
        id="end-slider"
        max={13}
        min={0}
        onChange={[Function]}
        value={13}
      />
      <mocked-component
        checked={true}
        label="UpperCase"
        labelPosition="right"
        onCheck={[Function]}
        style={
          Object {
            "marginBottom": 16,
          }
        }
      />
    </div>
    <div
      className="output-container"
    >
      <mocked-component
        zDepth={0}
      >
        <span
          className="label"
          style={
            Object {
              "color": "gray",
            }
          }
        >
          Random Number: 
        </span>
        <span
          className="value"
          style={
            Object {
              "color": "brown",
              "fontFamily": "monospace",
              "fontSize": "1.75em",
            }
          }
        >
          1F9ADD3739635
        </span>
      </mocked-component>
    </div>
  </div>
</mocked-component>
`;

exports[`Snapshot: components/RandomNumberForm.jsx with specified display function 5`] = `
<mocked-component
  zDepth={1}
>
  <div>
    <div
      className="text-field-container"
    >
      <p>
        <label
          htmlFor="begin-slider"
        >
          Begin
        </label>
      </p>
      <mocked-component
        id="begin-slider"
        max={13}
        min={0}
        onChange={[Function]}
        step={1}
        value={0}
      />
      <p>
        <label
          htmlFor="end-slider"
        >
          End
        </label>
      </p>
      <mocked-component
        id="end-slider"
        max={13}
        min={0}
        onChange={[Function]}
        value={13}
      />
      <mocked-component
        checked={true}
        label="UpperCase"
        labelPosition="right"
        onCheck={[Function]}
        style={
          Object {
            "marginBottom": 16,
          }
        }
      />
    </div>
    <div
      className="output-container"
    >
      <mocked-component
        zDepth={0}
      >
        <span
          className="label"
          style={
            Object {
              "color": "gray",
            }
          }
        >
          Random Number: 
        </span>
        <span
          className="value"
          style={
            Object {
              "color": "brown",
              "fontFamily": "monospace",
              "fontSize": "1.75em",
            }
          }
        >
          1F9ADD3739635
        </span>
      </mocked-component>
    </div>
  </div>
</mocked-component>
`;
